python : Not Found: /cus
tomer/jobs/approval/8/
At line:1 char:1
+ python 
test_approval_flow.py > 
test_output.txt 2>&1
+ ~~~~~~~~~~~~~~~~~~~~~~
~~~~~~~~~~~~~~~~~~~~~~~~
~~~~~
    + CategoryInfo      
        : NotSpecified  
  : (Not Found: /cust   
 omer/jobs/approval/    
8/:String) [], Remo    
teException
    + FullyQualifiedErr 
   orId : NativeComman  
  dError
 
Setting up test data...
Job Created: DIAGNOSING

[1] Mechanic Requesting Approval...
PASS: Job status transition to WAITING_APPROVAL

[2] Customer Approving...
FAIL: Job status is WAITING_APPROVAL, expected IN_PROGRESS
